========== Automated System Health Check Report ==========
Generated on: Tue Aug  5 07:35:45 UTC 2025

---------- Uptime ----------
 07:35:45 up  2:47,  0 user,  load average: 0.52, 0.58, 0.59

---------- Memory Usage ----------
               total        used        free      shared  buff/cache   available
Mem:           7.7Gi       5.2Gi       2.5Gi        17Mi       223Mi       2.5Gi
Swap:           12Gi       147Mi        12Gi

---------- Disk Usage ----------
Filesystem      Size  Used Avail Use% Mounted on
rootfs          100G   89G   12G  89% /
none            100G   89G   12G  89% /dev
none            100G   89G   12G  89% /run
none            100G   89G   12G  89% /run/lock
none            100G   89G   12G  89% /run/shm
none            100G   89G   12G  89% /run/user
tmpfs           100G   89G   12G  89% /sys/fs/cgroup
C:\             100G   89G   12G  89% /mnt/c
D:\             139G  1.6G  137G   2% /mnt/d

---------- Top Processes ----------
top - 07:35:45 up  2:47,  0 user,  load average: 0.52, 0.58, 0.59
Tasks:   6 total,   1 running,   5 sleeping,   0 stopped,   0 zombie
%Cpu(s):  8.2 us,  2.0 sy,  0.0 ni, 89.8 id,  0.0 wa,  0.0 hi,  0.0 si,  0.0 st 
MiB Mem :   7861.7 total,   2543.1 free,   5318.7 used,    224.0 buff/cache     
MiB Swap:  12800.0 total,  12652.4 free,    147.6 used.   2543.1 avail Mem 

  PID USER      PR  NI    VIRT    RES    SHR S  %CPU  %MEM     TIME+ COMMAND
    1 root      20   0    8952    328    284 S   0.0   0.0   0:00.07 init
    8 root      20   0    8952    228    180 S   0.0   0.0   0:00.00 init
    9 root      20   0   14244   3920   3836 S   0.0   0.0   0:00.45 bash

---------- Logged-in Users ----------

===================== END OF REPORT =====================
